2025-05-22 00:00:52,280 - INFO - Starting training with args: Namespace(batch_size=128, epochs=20, lr=0.0001, weight_decay=0.0001, pretrain='clipL14commonpool', num_workers=4, save_dir='checkpoints', resizeSize=-1, loadSize=-1, cropSize=-1, no_random_crop=False, resize_prob=0.0, jitter_prob=0.0, colordist_prob=0.0, cutout_prob=0.0, noise_prob=0.0, blur_prob=0.0, cmp_prob=0.0, rot90_prob=1.0, no_flip=False, hpf_prob=0.0, rz_interp='bilinear', blur_sig='0.5', cmp_method='cv2', cmp_qual='75', resize_size=256, resize_ratio=1.0, norm_type='resnet', num_views=0)
2025-05-22 00:00:52,868 - INFO - Using device: cuda
2025-05-22 00:00:52,868 - INFO - Neither cropSize nor positive resizeSize specified via args. Defaulting to ensure cropSize=224 for model input consistency.
2025-05-22 00:00:52,890 - INFO - Total training samples: 20000
2025-05-22 00:00:52,890 - INFO - Training batch size: 128
2025-05-22 00:00:52,890 - INFO - Calculated training steps per epoch: 157
2025-05-22 00:00:52,890 - INFO - Total test samples: 24000
2025-05-22 00:00:52,890 - INFO - Test batch size: 128
2025-05-22 00:00:52,890 - INFO - Calculated test steps: 188
2025-05-22 00:00:53,030 - INFO - Loaded ViT-L-14 model config.
2025-05-22 00:00:55,573 - INFO - Loading pretrained ViT-L-14 weights (/home/awsaf/.cache/huggingface/hub/models--laion--CLIP-ViT-L-14-CommonPool.XL-s13B-b90K/snapshots/d979a50bf428edbb14b32c4dce7da2d49f7f46ed/open_clip_pytorch_model.bin).
2025-05-22 00:00:56,878 - INFO - 
Epoch 1/20
2025-05-22 00:02:28,270 - INFO - Training - Loss: 0.6835, Accuracy: 62.28%
2025-05-22 00:04:23,039 - INFO - Validation - Loss: 0.6929, Accuracy: 42.99%
2025-05-22 00:04:23,041 - INFO - Saved best model with validation accuracy: 42.99%
2025-05-22 00:04:23,041 - INFO - 
Epoch 2/20
2025-05-22 00:05:54,193 - INFO - Training - Loss: 0.6613, Accuracy: 97.05%
2025-05-22 00:07:48,866 - INFO - Validation - Loss: 0.6785, Accuracy: 77.77%
2025-05-22 00:07:48,868 - INFO - Saved best model with validation accuracy: 77.77%
2025-05-22 00:07:48,868 - INFO - 
Epoch 3/20
2025-05-22 00:09:20,066 - INFO - Training - Loss: 0.6402, Accuracy: 98.75%
2025-05-22 00:11:14,811 - INFO - Validation - Loss: 0.6650, Accuracy: 82.25%
2025-05-22 00:11:14,813 - INFO - Saved best model with validation accuracy: 82.25%
2025-05-22 00:11:14,813 - INFO - 
Epoch 4/20
